test_cases:
  -
    input:
      bytes: [ 0xed, 0x00, 0x00, 0x00, 0x00, 0xae ]
      arch: "CS_ARCH_SYSTEMZ"
      options: [ "s390x-linux-gnu", "CS_MODE_SYSTEMZ_Z13", "CS_MODE_BIG_ENDIAN" ]
    expected:
      insns:
        -
          asm_text: "cdpt %f0, 0(1), 0"

  -
    input:
      bytes: [ 0xed, 0x00, 0x00, 0x00, 0xf0, 0xae ]
      arch: "CS_ARCH_SYSTEMZ"
      options: [ "s390x-linux-gnu", "CS_MODE_SYSTEMZ_Z13", "CS_MODE_BIG_ENDIAN" ]
    expected:
      insns:
        -
          asm_text: "cdpt %f15, 0(1), 0"

  -
    input:
      bytes: [ 0xed, 0x00, 0x00, 0x00, 0x0f, 0xae ]
      arch: "CS_ARCH_SYSTEMZ"
      options: [ "s390x-linux-gnu", "CS_MODE_SYSTEMZ_Z13", "CS_MODE_BIG_ENDIAN" ]
    expected:
      insns:
        -
          asm_text: "cdpt %f0, 0(1), 15"

  -
    input:
      bytes: [ 0xed, 0x00, 0x10, 0x00, 0x00, 0xae ]
      arch: "CS_ARCH_SYSTEMZ"
      options: [ "s390x-linux-gnu", "CS_MODE_SYSTEMZ_Z13", "CS_MODE_BIG_ENDIAN" ]
    expected:
      insns:
        -
          asm_text: "cdpt %f0, 0(1,%r1), 0"

  -
    input:
      bytes: [ 0xed, 0x00, 0x00, 0x00, 0x00, 0xae ]
      arch: "CS_ARCH_SYSTEMZ"
      options: [ "s390x-linux-gnu", "CS_MODE_SYSTEMZ_ARCH11", "CS_MODE_BIG_ENDIAN" ]
    expected:
      insns:
        -
          asm_text: "cdpt %f0, 0(1), 0"

  -
    input:
      bytes: [ 0xed, 0x00, 0x00, 0x00, 0xf0, 0xae ]
      arch: "CS_ARCH_SYSTEMZ"
      options: [ "s390x-linux-gnu", "CS_MODE_SYSTEMZ_ARCH11", "CS_MODE_BIG_ENDIAN" ]
    expected:
      insns:
        -
          asm_text: "cdpt %f15, 0(1), 0"

  -
    input:
      bytes: [ 0xed, 0x00, 0x00, 0x00, 0x0f, 0xae ]
      arch: "CS_ARCH_SYSTEMZ"
      options: [ "s390x-linux-gnu", "CS_MODE_SYSTEMZ_ARCH11", "CS_MODE_BIG_ENDIAN" ]
    expected:
      insns:
        -
          asm_text: "cdpt %f0, 0(1), 15"

  -
    input:
      bytes: [ 0xed, 0x00, 0x10, 0x00, 0x00, 0xae ]
      arch: "CS_ARCH_SYSTEMZ"
      options: [ "s390x-linux-gnu", "CS_MODE_SYSTEMZ_ARCH11", "CS_MODE_BIG_ENDIAN" ]
    expected:
      insns:
        -
          asm_text: "cdpt %f0, 0(1,%r1), 0"
